// Bun Snapshot v1, https://bun.sh/docs/test/snapshots

exports[`Reproduce issue with evalution order SUM, AVERAGE, COUNT on spilled range with aggregation 1`] = `
{
  "canResolve": true,
  "deps": [
    {
      "canResolve": true,
      "deps": [
        {
          "canResolve": true,
          "deps": [
            {
              "canResolve": true,
              "deps": [
                {
                  "canResolve": true,
                  "deps": [
                    {
                      "canResolve": true,
                      "directDepsUpdated": false,
                      "key": "C1",
                      "resolved": true,
                      "resultType": "value",
                      "type": "cell",
                    },
                  ],
                  "directDepsUpdated": false,
                  "key": "A1",
                  "resolved": true,
                  "resultType": "spilled-values",
                  "type": "cell",
                },
                {
                  "canResolve": true,
                  "directDepsUpdated": false,
                  "key": "C1",
                  "resolved": true,
                  "resultType": "value",
                  "type": "cell",
                },
              ],
              "directDepsUpdated": false,
              "key": "A1:A5",
              "resolved": true,
              "resultType": "range",
              "type": "range",
            },
            {
              "canResolve": true,
              "deps": [
                {
                  "canResolve": true,
                  "directDepsUpdated": false,
                  "key": "C2",
                  "resolved": true,
                  "resultType": "value",
                  "type": "cell",
                },
                {
                  "canResolve": true,
                  "directDepsUpdated": false,
                  "key": "C3",
                  "resolved": true,
                  "resultType": "value",
                  "type": "cell",
                },
                {
                  "canResolve": true,
                  "directDepsUpdated": false,
                  "key": "C4",
                  "resolved": true,
                  "resultType": "value",
                  "type": "cell",
                },
                {
                  "canResolve": true,
                  "directDepsUpdated": false,
                  "key": "C5",
                  "resolved": true,
                  "resultType": "value",
                  "type": "cell",
                },
              ],
              "directDepsUpdated": false,
              "frontierDependencies": [
                {
                  "canResolve": true,
                  "deps": [
                    {
                      "canResolve": true,
                      "deps": [
                        {
                          "canResolve": true,
                          "deps": [
                            {
                              "canResolve": true,
                              "directDepsUpdated": false,
                              "key": "C1",
                              "resolved": true,
                              "resultType": "value",
                              "type": "cell",
                            },
                          ],
                          "directDepsUpdated": false,
                          "key": "A1",
                          "resolved": true,
                          "resultType": "spilled-values",
                          "type": "cell",
                        },
                        {
                          "canResolve": true,
                          "directDepsUpdated": false,
                          "key": "C1",
                          "resolved": true,
                          "resultType": "value",
                          "type": "cell",
                        },
                      ],
                      "directDepsUpdated": false,
                      "key": "A1:A5",
                      "resolved": true,
                      "resultType": "range",
                      "type": "range",
                    },
                    {
                      "canResolve": true,
                      "circular": true,
                      "directDepsUpdated": false,
                      "key": "C2:C5",
                      "resolved": true,
                      "resultType": "range",
                      "type": "range",
                    },
                  ],
                  "directDepsUpdated": false,
                  "key": "B2",
                  "resolved": true,
                  "resultType": "value",
                  "type": "cell",
                },
                {
                  "canResolve": true,
                  "deps": [
                    {
                      "canResolve": true,
                      "deps": [
                        {
                          "canResolve": true,
                          "deps": [
                            {
                              "canResolve": true,
                              "directDepsUpdated": false,
                              "key": "C1",
                              "resolved": true,
                              "resultType": "value",
                              "type": "cell",
                            },
                          ],
                          "directDepsUpdated": false,
                          "key": "A1",
                          "resolved": true,
                          "resultType": "spilled-values",
                          "type": "cell",
                        },
                        {
                          "canResolve": true,
                          "directDepsUpdated": false,
                          "key": "C1",
                          "resolved": true,
                          "resultType": "value",
                          "type": "cell",
                        },
                      ],
                      "directDepsUpdated": false,
                      "key": "A1:A5",
                      "resolved": true,
                      "resultType": "range",
                      "type": "range",
                    },
                    {
                      "canResolve": true,
                      "circular": true,
                      "directDepsUpdated": false,
                      "key": "C2:C5",
                      "resolved": true,
                      "resultType": "range",
                      "type": "range",
                    },
                  ],
                  "directDepsUpdated": false,
                  "key": "B3",
                  "resolved": true,
                  "resultType": "value",
                  "type": "cell",
                },
                {
                  "canResolve": true,
                  "circular": true,
                  "directDepsUpdated": false,
                  "key": "B4",
                  "resolved": true,
                  "resultType": "value",
                  "type": "cell",
                },
                {
                  "canResolve": true,
                  "circular": true,
                  "directDepsUpdated": false,
                  "key": "B1",
                  "resolved": true,
                  "resultType": "value",
                  "type": "cell",
                },
              ],
              "key": "C2:C5",
              "resolved": true,
              "resultType": "range",
              "type": "range",
            },
          ],
          "directDepsUpdated": false,
          "key": "B1",
          "resolved": true,
          "resultType": "value",
          "type": "cell",
        },
        {
          "canResolve": true,
          "deps": [
            {
              "canResolve": true,
              "deps": [
                {
                  "canResolve": true,
                  "deps": [
                    {
                      "canResolve": true,
                      "directDepsUpdated": false,
                      "key": "C1",
                      "resolved": true,
                      "resultType": "value",
                      "type": "cell",
                    },
                  ],
                  "directDepsUpdated": false,
                  "key": "A1",
                  "resolved": true,
                  "resultType": "spilled-values",
                  "type": "cell",
                },
                {
                  "canResolve": true,
                  "directDepsUpdated": false,
                  "key": "C1",
                  "resolved": true,
                  "resultType": "value",
                  "type": "cell",
                },
              ],
              "directDepsUpdated": false,
              "key": "A1:A5",
              "resolved": true,
              "resultType": "range",
              "type": "range",
            },
            {
              "canResolve": true,
              "deps": [
                {
                  "canResolve": true,
                  "directDepsUpdated": false,
                  "key": "C2",
                  "resolved": true,
                  "resultType": "value",
                  "type": "cell",
                },
                {
                  "canResolve": true,
                  "directDepsUpdated": false,
                  "key": "C3",
                  "resolved": true,
                  "resultType": "value",
                  "type": "cell",
                },
                {
                  "canResolve": true,
                  "directDepsUpdated": false,
                  "key": "C4",
                  "resolved": true,
                  "resultType": "value",
                  "type": "cell",
                },
                {
                  "canResolve": true,
                  "directDepsUpdated": false,
                  "key": "C5",
                  "resolved": true,
                  "resultType": "value",
                  "type": "cell",
                },
              ],
              "directDepsUpdated": false,
              "frontierDependencies": [
                {
                  "canResolve": true,
                  "circular": true,
                  "directDepsUpdated": false,
                  "key": "B2",
                  "resolved": true,
                  "resultType": "value",
                  "type": "cell",
                },
                {
                  "canResolve": true,
                  "deps": [
                    {
                      "canResolve": true,
                      "deps": [
                        {
                          "canResolve": true,
                          "deps": [
                            {
                              "canResolve": true,
                              "directDepsUpdated": false,
                              "key": "C1",
                              "resolved": true,
                              "resultType": "value",
                              "type": "cell",
                            },
                          ],
                          "directDepsUpdated": false,
                          "key": "A1",
                          "resolved": true,
                          "resultType": "spilled-values",
                          "type": "cell",
                        },
                        {
                          "canResolve": true,
                          "directDepsUpdated": false,
                          "key": "C1",
                          "resolved": true,
                          "resultType": "value",
                          "type": "cell",
                        },
                      ],
                      "directDepsUpdated": false,
                      "key": "A1:A5",
                      "resolved": true,
                      "resultType": "range",
                      "type": "range",
                    },
                    {
                      "canResolve": true,
                      "circular": true,
                      "directDepsUpdated": false,
                      "key": "C2:C5",
                      "resolved": true,
                      "resultType": "range",
                      "type": "range",
                    },
                  ],
                  "directDepsUpdated": false,
                  "key": "B3",
                  "resolved": true,
                  "resultType": "value",
                  "type": "cell",
                },
                {
                  "canResolve": true,
                  "circular": true,
                  "directDepsUpdated": false,
                  "key": "B4",
                  "resolved": true,
                  "resultType": "value",
                  "type": "cell",
                },
                {
                  "canResolve": true,
                  "deps": [
                    {
                      "canResolve": true,
                      "deps": [
                        {
                          "canResolve": true,
                          "deps": [
                            {
                              "canResolve": true,
                              "directDepsUpdated": false,
                              "key": "C1",
                              "resolved": true,
                              "resultType": "value",
                              "type": "cell",
                            },
                          ],
                          "directDepsUpdated": false,
                          "key": "A1",
                          "resolved": true,
                          "resultType": "spilled-values",
                          "type": "cell",
                        },
                        {
                          "canResolve": true,
                          "directDepsUpdated": false,
                          "key": "C1",
                          "resolved": true,
                          "resultType": "value",
                          "type": "cell",
                        },
                      ],
                      "directDepsUpdated": false,
                      "key": "A1:A5",
                      "resolved": true,
                      "resultType": "range",
                      "type": "range",
                    },
                    {
                      "canResolve": true,
                      "circular": true,
                      "directDepsUpdated": false,
                      "key": "C2:C5",
                      "resolved": true,
                      "resultType": "range",
                      "type": "range",
                    },
                  ],
                  "directDepsUpdated": false,
                  "key": "B1",
                  "resolved": true,
                  "resultType": "value",
                  "type": "cell",
                },
              ],
              "key": "C2:C5",
              "resolved": true,
              "resultType": "range",
              "type": "range",
            },
          ],
          "directDepsUpdated": false,
          "key": "B2",
          "resolved": true,
          "resultType": "value",
          "type": "cell",
        },
        {
          "canResolve": true,
          "deps": [
            {
              "canResolve": true,
              "deps": [
                {
                  "canResolve": true,
                  "deps": [
                    {
                      "canResolve": true,
                      "directDepsUpdated": false,
                      "key": "C1",
                      "resolved": true,
                      "resultType": "value",
                      "type": "cell",
                    },
                  ],
                  "directDepsUpdated": false,
                  "key": "A1",
                  "resolved": true,
                  "resultType": "spilled-values",
                  "type": "cell",
                },
                {
                  "canResolve": true,
                  "directDepsUpdated": false,
                  "key": "C1",
                  "resolved": true,
                  "resultType": "value",
                  "type": "cell",
                },
              ],
              "directDepsUpdated": false,
              "key": "A1:A5",
              "resolved": true,
              "resultType": "range",
              "type": "range",
            },
            {
              "canResolve": true,
              "deps": [
                {
                  "canResolve": true,
                  "directDepsUpdated": false,
                  "key": "C2",
                  "resolved": true,
                  "resultType": "value",
                  "type": "cell",
                },
                {
                  "canResolve": true,
                  "directDepsUpdated": false,
                  "key": "C3",
                  "resolved": true,
                  "resultType": "value",
                  "type": "cell",
                },
                {
                  "canResolve": true,
                  "directDepsUpdated": false,
                  "key": "C4",
                  "resolved": true,
                  "resultType": "value",
                  "type": "cell",
                },
                {
                  "canResolve": true,
                  "directDepsUpdated": false,
                  "key": "C5",
                  "resolved": true,
                  "resultType": "value",
                  "type": "cell",
                },
              ],
              "directDepsUpdated": false,
              "frontierDependencies": [
                {
                  "canResolve": true,
                  "deps": [
                    {
                      "canResolve": true,
                      "deps": [
                        {
                          "canResolve": true,
                          "deps": [
                            {
                              "canResolve": true,
                              "directDepsUpdated": false,
                              "key": "C1",
                              "resolved": true,
                              "resultType": "value",
                              "type": "cell",
                            },
                          ],
                          "directDepsUpdated": false,
                          "key": "A1",
                          "resolved": true,
                          "resultType": "spilled-values",
                          "type": "cell",
                        },
                        {
                          "canResolve": true,
                          "directDepsUpdated": false,
                          "key": "C1",
                          "resolved": true,
                          "resultType": "value",
                          "type": "cell",
                        },
                      ],
                      "directDepsUpdated": false,
                      "key": "A1:A5",
                      "resolved": true,
                      "resultType": "range",
                      "type": "range",
                    },
                    {
                      "canResolve": true,
                      "circular": true,
                      "directDepsUpdated": false,
                      "key": "C2:C5",
                      "resolved": true,
                      "resultType": "range",
                      "type": "range",
                    },
                  ],
                  "directDepsUpdated": false,
                  "key": "B2",
                  "resolved": true,
                  "resultType": "value",
                  "type": "cell",
                },
                {
                  "canResolve": true,
                  "circular": true,
                  "directDepsUpdated": false,
                  "key": "B3",
                  "resolved": true,
                  "resultType": "value",
                  "type": "cell",
                },
                {
                  "canResolve": true,
                  "circular": true,
                  "directDepsUpdated": false,
                  "key": "B4",
                  "resolved": true,
                  "resultType": "value",
                  "type": "cell",
                },
                {
                  "canResolve": true,
                  "deps": [
                    {
                      "canResolve": true,
                      "deps": [
                        {
                          "canResolve": true,
                          "deps": [
                            {
                              "canResolve": true,
                              "directDepsUpdated": false,
                              "key": "C1",
                              "resolved": true,
                              "resultType": "value",
                              "type": "cell",
                            },
                          ],
                          "directDepsUpdated": false,
                          "key": "A1",
                          "resolved": true,
                          "resultType": "spilled-values",
                          "type": "cell",
                        },
                        {
                          "canResolve": true,
                          "directDepsUpdated": false,
                          "key": "C1",
                          "resolved": true,
                          "resultType": "value",
                          "type": "cell",
                        },
                      ],
                      "directDepsUpdated": false,
                      "key": "A1:A5",
                      "resolved": true,
                      "resultType": "range",
                      "type": "range",
                    },
                    {
                      "canResolve": true,
                      "circular": true,
                      "directDepsUpdated": false,
                      "key": "C2:C5",
                      "resolved": true,
                      "resultType": "range",
                      "type": "range",
                    },
                  ],
                  "directDepsUpdated": false,
                  "key": "B1",
                  "resolved": true,
                  "resultType": "value",
                  "type": "cell",
                },
              ],
              "key": "C2:C5",
              "resolved": true,
              "resultType": "range",
              "type": "range",
            },
          ],
          "directDepsUpdated": false,
          "key": "B3",
          "resolved": true,
          "resultType": "value",
          "type": "cell",
        },
      ],
      "directDepsUpdated": false,
      "frontierDependencies": [
        {
          "canResolve": true,
          "deps": [
            {
              "canResolve": true,
              "directDepsUpdated": false,
              "key": "C1",
              "resolved": true,
              "resultType": "value",
              "type": "cell",
            },
          ],
          "directDepsUpdated": false,
          "key": "A1",
          "resolved": true,
          "resultType": "spilled-values",
          "type": "cell",
        },
      ],
      "key": "B1:B3",
      "resolved": true,
      "resultType": "range",
      "type": "range",
    },
  ],
  "directDepsUpdated": false,
  "key": "B4",
  "resolved": true,
  "resultType": "value",
  "type": "cell",
}
`;
